pl/perfluencer/common/checks/XPathExtractor.class
pl/perfluencer/kafka/actors/MessageProcessorActor$RetryBatch.class
pl/perfluencer/common/checks/MessageCheckBuilder$MessageCheckResult.class
pl/perfluencer/kafka/extractors/HeaderExtractor.class
pl/perfluencer/kafka/javaapi/KafkaProtocolBuilder$KafkaProtocol.class
pl/perfluencer/cache/TimeoutHandler.class
pl/perfluencer/kafka/extractors/JsonPathExtractor.class
pl/perfluencer/kafka/actors/KafkaMessages.class
pl/perfluencer/kafka/SessionAwareMessageCheck.class
pl/perfluencer/common/checks/JsonPathExtractor.class
pl/perfluencer/common/util/SerializationType.class
pl/perfluencer/kafka/actions/KafkaRequestReplyAction.class
pl/perfluencer/common/checks/CheckStep.class
pl/perfluencer/kafka/actors/KafkaMessages$ProcessRecord.class
pl/perfluencer/kafka/actions/KafkaActionBuilder.class
.DS_Store
pl/perfluencer/kafka/javaapi/KafkaProtocolBuilder$KafkaProtocolComponents$2.class
pl/perfluencer/common/checks/MessageCheckBuilder.class
pl/perfluencer/kafka/actions/KafkaConsumeAction.class
pl/perfluencer/kafka/actors/MessageProcessorActor.class
pl/perfluencer/kafka/MessageProcessor.class
pl/perfluencer/kafka/actions/KafkaActionBuilder$1.class
pl/perfluencer/kafka/extractors/KeyExtractor.class
pl/perfluencer/.DS_Store
pl/perfluencer/kafka/actions/KafkaSendAction.class
pl/perfluencer/kafka/javaapi/KafkaProtocolBuilder$KafkaProtocolComponents.class
pl/perfluencer/kafka/.DS_Store
pl/perfluencer/kafka/MessageProcessor$RetryEnvelope.class
pl/.DS_Store
pl/perfluencer/kafka/actions/KafkaRequestReplyActionBuilder.class
pl/perfluencer/kafka/consumers/KafkaConsumerThread.class
pl/perfluencer/common/checks/Checks.class
pl/perfluencer/kafka/javaapi/KafkaDsl.class
pl/perfluencer/cache/InMemoryRequestStore$TimeoutEntry.class
pl/perfluencer/kafka/javaapi/KafkaProtocolBuilder.class
pl/perfluencer/cache/InMemoryRequestStore.class
pl/perfluencer/kafka/actions/KafkaRequestReplyActionBuilder$1.class
pl/perfluencer/kafka/javaapi/Kafka.class
pl/perfluencer/kafka/actors/KafkaProducerActor.class
pl/perfluencer/cache/BatchProcessor.class
pl/perfluencer/kafka/extractors/CorrelationExtractor.class
pl/perfluencer/kafka/MessageProcessor$1.class
pl/perfluencer/common/checks/FieldExtractor.class
pl/perfluencer/cache/RequestStore.class
pl/perfluencer/kafka/util/SerializationHelper.class
pl/perfluencer/kafka/actors/KafkaMessages$Poll.class
pl/perfluencer/kafka/javaapi/KafkaFireAndForget.class
pl/perfluencer/common/util/ParserRegistry.class
pl/perfluencer/cache/RequestData.class
pl/perfluencer/common/checks/MessageCheckBuilder$JsonCheckBuilder.class
pl/perfluencer/kafka/MessageCheck.class
pl/perfluencer/kafka/javaapi/KafkaRequestReply.class
pl/perfluencer/kafka/actors/KafkaConsumerActor.class
pl/perfluencer/common/checks/SubstringExtractor.class
pl/perfluencer/cache/config/CoreStoreConfig.class
pl/perfluencer/kafka/actions/KafkaConsumeActionBuilder.class
pl/perfluencer/kafka/actions/KafkaConsumeActionBuilder$1.class
pl/perfluencer/kafka/actors/KafkaRawConsumerActor.class
pl/perfluencer/common/checks/FieldExtractor$TypedCheckStep.class
pl/perfluencer/kafka/actors/KafkaProducerActor$ProduceMessage.class
pl/perfluencer/common/checks/RegexExtractor.class
pl/perfluencer/kafka/javaapi/KafkaProtocolBuilder$KafkaProtocolComponents$1.class
pl/perfluencer/kafka/extractors/FunctionExtractor.class
pl/perfluencer/kafka/actors/KafkaRawConsumerActor$GetMessage.class
pl/perfluencer/kafka/javaapi/KafkaProtocolBuilder$ConsumerAndProcessor.class
pl/perfluencer/kafka/util/SerializationHelper$1.class
