/Users/jakubdering/Desktop/GatlingJava/src/main/java/pl/perfluencer/common/util/SerializationType.java
/Users/jakubdering/Desktop/GatlingJava/src/main/java/pl/perfluencer/kafka/javaapi/KafkaDsl.java
/Users/jakubdering/Desktop/GatlingJava/src/main/java/pl/perfluencer/kafka/extractors/JsonPathExtractor.java
/Users/jakubdering/Desktop/GatlingJava/src/main/java/pl/perfluencer/kafka/javaapi/KafkaFireAndForget.java
/Users/jakubdering/Desktop/GatlingJava/src/main/java/pl/perfluencer/kafka/actions/KafkaConsumeActionBuilder.java
/Users/jakubdering/Desktop/GatlingJava/src/main/java/pl/perfluencer/kafka/javaapi/KafkaProtocolBuilder.java
/Users/jakubdering/Desktop/GatlingJava/src/main/java/pl/perfluencer/kafka/actors/KafkaProducerActor.java
/Users/jakubdering/Desktop/GatlingJava/src/main/java/pl/perfluencer/common/checks/MessageCheckBuilder.java
/Users/jakubdering/Desktop/GatlingJava/src/main/java/pl/perfluencer/common/checks/XPathExtractor.java
/Users/jakubdering/Desktop/GatlingJava/src/main/java/pl/perfluencer/cache/RequestData.java
/Users/jakubdering/Desktop/GatlingJava/src/main/java/pl/perfluencer/kafka/actions/KafkaConsumeAction.java
/Users/jakubdering/Desktop/GatlingJava/src/main/java/pl/perfluencer/common/util/ParserRegistry.java
/Users/jakubdering/Desktop/GatlingJava/src/main/java/pl/perfluencer/kafka/extractors/KeyExtractor.java
/Users/jakubdering/Desktop/GatlingJava/src/main/java/pl/perfluencer/kafka/actors/KafkaRawConsumerActor.java
/Users/jakubdering/Desktop/GatlingJava/src/main/java/pl/perfluencer/kafka/SessionAwareMessageCheck.java
/Users/jakubdering/Desktop/GatlingJava/src/main/java/pl/perfluencer/cache/RequestStore.java
/Users/jakubdering/Desktop/GatlingJava/src/main/java/pl/perfluencer/kafka/javaapi/Kafka.java
/Users/jakubdering/Desktop/GatlingJava/src/main/java/pl/perfluencer/kafka/actions/KafkaActionBuilder.java
/Users/jakubdering/Desktop/GatlingJava/src/main/java/pl/perfluencer/kafka/consumers/KafkaConsumerThread.java
/Users/jakubdering/Desktop/GatlingJava/src/main/java/pl/perfluencer/kafka/actions/KafkaRequestReplyActionBuilder.java
/Users/jakubdering/Desktop/GatlingJava/src/main/java/pl/perfluencer/cache/TimeoutHandler.java
/Users/jakubdering/Desktop/GatlingJava/src/main/java/pl/perfluencer/cache/BatchProcessor.java
/Users/jakubdering/Desktop/GatlingJava/src/main/java/pl/perfluencer/cache/InMemoryRequestStore.java
/Users/jakubdering/Desktop/GatlingJava/src/main/java/pl/perfluencer/common/checks/SubstringExtractor.java
/Users/jakubdering/Desktop/GatlingJava/src/main/java/pl/perfluencer/kafka/javaapi/KafkaRequestReply.java
/Users/jakubdering/Desktop/GatlingJava/src/main/java/pl/perfluencer/kafka/actors/KafkaConsumerActor.java
/Users/jakubdering/Desktop/GatlingJava/src/main/java/pl/perfluencer/kafka/MessageCheck.java
/Users/jakubdering/Desktop/GatlingJava/src/main/java/pl/perfluencer/kafka/actors/MessageProcessorActor.java
/Users/jakubdering/Desktop/GatlingJava/src/main/java/pl/perfluencer/common/checks/CheckStep.java
/Users/jakubdering/Desktop/GatlingJava/src/main/java/pl/perfluencer/kafka/extractors/CorrelationExtractor.java
/Users/jakubdering/Desktop/GatlingJava/src/main/java/pl/perfluencer/common/checks/JsonPathExtractor.java
/Users/jakubdering/Desktop/GatlingJava/src/main/java/pl/perfluencer/kafka/actors/KafkaMessages.java
/Users/jakubdering/Desktop/GatlingJava/src/main/java/pl/perfluencer/kafka/MessageProcessor.java
/Users/jakubdering/Desktop/GatlingJava/src/main/java/pl/perfluencer/common/checks/Checks.java
/Users/jakubdering/Desktop/GatlingJava/src/main/java/pl/perfluencer/cache/config/CoreStoreConfig.java
/Users/jakubdering/Desktop/GatlingJava/src/main/java/pl/perfluencer/kafka/extractors/HeaderExtractor.java
/Users/jakubdering/Desktop/GatlingJava/src/main/java/pl/perfluencer/common/checks/RegexExtractor.java
/Users/jakubdering/Desktop/GatlingJava/src/main/java/pl/perfluencer/kafka/util/SerializationHelper.java
/Users/jakubdering/Desktop/GatlingJava/src/main/java/pl/perfluencer/common/checks/FieldExtractor.java
/Users/jakubdering/Desktop/GatlingJava/src/main/java/pl/perfluencer/kafka/extractors/FunctionExtractor.java
