/Users/jakubdering/Desktop/GatlingJava/src/test/java/pl/perfluencer/kafka/simulations/KafkaGlobalChecksSimulation.java
/Users/jakubdering/Desktop/GatlingJava/src/test/java/pl/perfluencer/kafka/KafkaConsumerThreadTest.java
/Users/jakubdering/Desktop/GatlingJava/src/test/java/pl/perfluencer/kafka/simulations/JmxReportingRunner.java
/Users/jakubdering/Desktop/GatlingJava/src/test/java/pl/perfluencer/kafka/simulations/KafkaFluentCheckChainSimulation.java
/Users/jakubdering/Desktop/GatlingJava/src/test/java/pl/perfluencer/kafka/simulations/KafkaRequestReplyInMemoryDoubleFireSimulation.java
/Users/jakubdering/Desktop/GatlingJava/src/test/java/pl/perfluencer/kafka/simulations/KafkaRequestReplyInMemorySimulation.java
/Users/jakubdering/Desktop/GatlingJava/src/test/java/pl/perfluencer/kafka/simulations/KafkaFeederSimulation.java
/Users/jakubdering/Desktop/GatlingJava/src/test/java/pl/perfluencer/kafka/simulations/KafkaFluentDslSimulation.java
/Users/jakubdering/Desktop/GatlingJava/src/test/java/pl/perfluencer/kafka/MessageProcessorRetryTest.java
/Users/jakubdering/Desktop/GatlingJava/target/generated-test-sources/protobuf/java/pl/perfluencer/kafka/proto/DummyRequestOrBuilder.java
/Users/jakubdering/Desktop/GatlingJava/src/test/java/pl/perfluencer/kafka/integration/KafkaIntegrationTest.java
/Users/jakubdering/Desktop/GatlingJava/src/test/java/pl/perfluencer/kafka/integration/KafkaRawConsumeSimulationTest.java
/Users/jakubdering/Desktop/GatlingJava/target/generated-test-sources/protobuf/java/pl/perfluencer/kafka/protobuf/PersonOrBuilder.java
/Users/jakubdering/Desktop/GatlingJava/src/test/java/pl/perfluencer/kafka/integration/DuplicateResponseIntegrationTest.java
/Users/jakubdering/Desktop/GatlingJava/src/test/java/pl/perfluencer/kafka/simulations/JmxReportingSimulation.java
/Users/jakubdering/Desktop/GatlingJava/src/test/java/pl/perfluencer/kafka/benchmark/InMemoryActorBenchmark.java
/Users/jakubdering/Desktop/GatlingJava/src/test/java/pl/perfluencer/kafka/simulations/KafkaRawConsumeSimulation.java
/Users/jakubdering/Desktop/GatlingJava/src/test/java/pl/perfluencer/kafka/JsonPathExtractorTest.java
/Users/jakubdering/Desktop/GatlingJava/target/generated-test-sources/protobuf/java/pl/perfluencer/kafka/proto/DummyResponseOrBuilder.java
/Users/jakubdering/Desktop/GatlingJava/src/test/java/pl/perfluencer/kafka/integration/CustomHeaderIntegrationTest.java
/Users/jakubdering/Desktop/GatlingJava/src/test/java/pl/perfluencer/kafka/integration/KafkaChecksWiringTest.java
/Users/jakubdering/Desktop/GatlingJava/src/test/java/pl/perfluencer/kafka/integration/KafkaMetricInjectionTest.java
/Users/jakubdering/Desktop/GatlingJava/src/test/java/pl/perfluencer/kafka/simulations/LabTestTopicSimulation.java
/Users/jakubdering/Desktop/GatlingJava/target/generated-test-sources/protobuf/java/pl/perfluencer/kafka/proto/DummyRequest.java
/Users/jakubdering/Desktop/GatlingJava/src/test/java/pl/perfluencer/kafka/integration/KafkaJmxMetricsTest.java
/Users/jakubdering/Desktop/GatlingJava/src/test/java/pl/perfluencer/kafka/integration/CustomObjectSerializationTest.java
/Users/jakubdering/Desktop/GatlingJava/src/test/java/pl/perfluencer/kafka/integration/KafkaTimeoutVolumeTest.java
/Users/jakubdering/Desktop/GatlingJava/src/test/java/pl/perfluencer/kafka/SessionAwareMessageCheckTest.java
/Users/jakubdering/Desktop/GatlingJava/src/test/java/pl/perfluencer/kafka/integration/AvroIntegrationTest.java
/Users/jakubdering/Desktop/GatlingJava/src/test/java/pl/perfluencer/kafka/integration/KafkaRawConsumeIntegrationTest.java
/Users/jakubdering/Desktop/GatlingJava/src/test/java/pl/perfluencer/kafka/integration/KafkaFeederIntegrationTest.java
/Users/jakubdering/Desktop/GatlingJava/src/test/java/pl/perfluencer/kafka/simulations/KafkaRequestReplyAckSimulation.java
/Users/jakubdering/Desktop/GatlingJava/target/generated-test-sources/protobuf/java/pl/perfluencer/kafka/proto/DummyResponse.java
/Users/jakubdering/Desktop/GatlingJava/target/generated-test-sources/protobuf/java/pl/perfluencer/kafka/protobuf/Person.java
/Users/jakubdering/Desktop/GatlingJava/src/test/java/pl/perfluencer/kafka/integration/KafkaTimeoutIntegrationTest.java
/Users/jakubdering/Desktop/GatlingJava/src/test/java/pl/perfluencer/kafka/simulations/KafkaOptimizationSimulation.java
/Users/jakubdering/Desktop/GatlingJava/src/test/java/pl/perfluencer/kafka/simulations/KafkaAvroRequestReplySimulation.java
/Users/jakubdering/Desktop/GatlingJava/src/test/java/pl/perfluencer/kafka/simulations/KafkaAvroManualSimulation.java
/Users/jakubdering/Desktop/GatlingJava/src/test/java/pl/perfluencer/kafka/simulations/KafkaAvroNoRegistrySimulation.java
/Users/jakubdering/Desktop/GatlingJava/src/test/java/pl/perfluencer/kafka/MessageProcessorTimestampTest.java
/Users/jakubdering/Desktop/GatlingJava/src/test/java/pl/perfluencer/kafka/simulations/KafkaMessageAssertionSimulation.java
/Users/jakubdering/Desktop/GatlingJava/src/test/java/pl/perfluencer/kafka/simulations/KafkaAvroSchemaRegistrySimulation.java
/Users/jakubdering/Desktop/GatlingJava/src/test/java/pl/perfluencer/kafka/simulations/KafkaJsonPathSimulation.java
/Users/jakubdering/Desktop/GatlingJava/src/test/java/pl/perfluencer/kafka/simulations/KafkaRequestReplySimulation.java
/Users/jakubdering/Desktop/GatlingJava/src/test/java/pl/perfluencer/kafka/benchmark/InMemoryRequestStoreBenchmark.java
/Users/jakubdering/Desktop/GatlingJava/src/test/java/pl/perfluencer/kafka/integration/MockKafkaRequestReplyIntegrationTest.java
/Users/jakubdering/Desktop/GatlingJava/src/test/java/pl/perfluencer/kafka/simulations/MetricInjectionSimulation.java
/Users/jakubdering/Desktop/GatlingJava/src/test/java/pl/perfluencer/kafka/simulations/KafkaDualProtocolSimulation.java
/Users/jakubdering/Desktop/GatlingJava/src/test/java/pl/perfluencer/kafka/integration/CorrelationStrategyTest.java
/Users/jakubdering/Desktop/GatlingJava/src/test/java/pl/perfluencer/kafka/simulations/KafkaSendSimulation.java
/Users/jakubdering/Desktop/GatlingJava/src/test/java/pl/perfluencer/kafka/MessageProcessorActorTest.java
/Users/jakubdering/Desktop/GatlingJava/src/test/java/pl/perfluencer/kafka/simulations/KafkaTimeoutVolumeSimulation.java
/Users/jakubdering/Desktop/GatlingJava/target/generated-test-sources/protobuf/java/pl/perfluencer/kafka/proto/DummyMessage.java
/Users/jakubdering/Desktop/GatlingJava/target/generated-test-sources/protobuf/java/pl/perfluencer/kafka/protobuf/PersonProto.java
